Arguments: 
  /usr/local/bin/node /usr/local/Cellar/yarn/1.22.17_2/libexec/bin/yarn.js install

PATH: 
  /usr/local/bin:/usr/bin:/bin:/usr/sbin:/sbin:/Library/Apple/usr/bin:/usr/local/bin

Yarn version: 
  1.22.17

Node version: 
  16.16.0

Platform: 
  darwin x64

Trace: 
  Error: aborted
      at connResetException (node:internal/errors:692:14)
      at TLSSocket.socketCloseListener (node:_http_client:414:19)
      at TLSSocket.emit (node:events:539:35)
      at node:net:709:12
      at TCP.done (node:_tls_wrap:582:7)

npm manifest: 
  {
    "name": "superman2",
    "private": true,
    "version": "0.0.0",
    "type": "module",
    "scripts": {
      "dev": "vite",
      "pro": "vue-tsc --noEmit && vite build",
      "preview": "vite preview"
    },
    "dependencies": {
      "axios": "^0.27.2",
      "swiper": "^9.3.1",
      "vite": "^4.3.5",
      "vue": "^3.2.37",
      "vue-router": "^4.0.13",
      "vuex": "^4.0.2"
    },
    "devDependencies": {
      "@types/lscache": "^1.3.1",
      "@vitejs/plugin-vue": "^3.0.3",
      "@vitejs/plugin-vue-jsx": "^2.0.0",
      "echarts": "^5.3.3",
      "lscache": "^1.3.2",
      "mockjs": "^1.1.0",
      "postcss-px-to-viewport": "^1.1.1",
      "rollup-plugin-visualizer": "^5.8.0",
      "sass": "^1.54.8",
      "sass-loader": "^13.0.2",
      "skrollr": "^0.6.26",
      "typescript": "^4.6.4",
      "unplugin-vue-components": "^0.22.4",
      "vant": "^3.6.1",
      "vite-plugin-compression": "^0.5.1",
      "vite-plugin-svg-icons": "^2.0.1",
      "vue-tsc": "^0.39.5"
    }
  }

yarn manifest: 
  No manifest

Lockfile: 
  No lockfile
